// Jest Snapshot v1, https://goo.gl/fbAQLP

exports[`renders correctly 1`] = `
<div>
  Consumer - 
  <div
    foo="bar"
    quu="foo"
    render={[Function]}
  >
    Render
  </div>
</div>
`;
